// Jest Snapshot v1, https://goo.gl/fbAQLP

exports[`Badge component: basic render active 1`] = `"<button aria-pressed=\\"true\\" class=\\"audit-badge badge toggle-button checked\\">Contrast</button>"`;

exports[`Badge component: basic render inactive 1`] = `"<button aria-pressed=\\"false\\" class=\\"audit-badge badge toggle-button\\">Contrast</button>"`;

exports[`Badge component: toggle filter 1`] = `"<button aria-pressed=\\"false\\" class=\\"audit-badge badge toggle-button\\">Contrast</button>"`;
