// Jest Snapshot v1, https://goo.gl/fbAQLP

exports[`ContrastBadge component: error render 1`] = `null`;

exports[`ContrastBadge component: fail render 1`] = `"<button aria-pressed=\\"false\\" class=\\"audit-badge badge toggle-button\\" title=\\"accessibility.badge.contrast.tooltip\\">accessibility.badge.contrast</button>"`;

exports[`ContrastBadge component: success large text render 1`] = `null`;

exports[`ContrastBadge component: success range render 1`] = `null`;

exports[`ContrastBadge component: success render 1`] = `null`;
