// Jest Snapshot v1, https://goo.gl/fbAQLP

exports[`PageContainer renders nothing when an invalid page is selected 1`] = `""`;

exports[`PageContainer renders nothing when no page is selected 1`] = `""`;

exports[`PageContainer renders the WorkersPage component when workers page is selected 1`] = `<Connect(WorkersPage) />`;
