// Jest Snapshot v1, https://goo.gl/fbAQLP

exports[`DebugTargetInfo component renders the expected snapshot for This Firefox target 1`] = `
<header
  className="debug-target-info"
>
  <span
    className="iconized-label"
  >
    <img
      className="channel-icon"
      src="chrome://devtools/skin/images/aboutdebugging-firefox-release.svg"
    />
    <b
      className="devtools-ellipsis-text"
    >
      toolbox.debugTargetInfo.runtimeLabel.thisFirefox-1.0.0
    </b>
    <span
      className="devtools-ellipsis-text"
    />
  </span>
  <span
    className="iconized-label"
  >
    <img
      alt="favicon"
      src="chrome://devtools/skin/images/aboutdebugging-globe-icon.svg"
    />
    <b
      className="devtools-ellipsis-text js-target-title"
    >
      Test Tab Name
    </b>
    <span
      className="devtools-ellipsis-text"
    >
      http://some.target/url
    </span>
  </span>
</header>
`;

exports[`DebugTargetInfo component renders the expected snapshot for USB Release target 1`] = `
<header
  className="debug-target-info"
>
  <span
    className="iconized-label js-connection-info"
  >
    <img
      alt="usb icon"
      src="chrome://devtools/skin/images/aboutdebugging-usb-icon.svg"
    />
    toolbox.debugTargetInfo.connection.usb
  </span>
  <span
    className="iconized-label"
  >
    <img
      className="channel-icon"
      src="chrome://devtools/skin/images/aboutdebugging-firefox-release.svg"
    />
    <b
      className="devtools-ellipsis-text"
    >
      toolbox.debugTargetInfo.runtimeLabel-usbRuntimeBrandName-1.0.0
    </b>
    <span
      className="devtools-ellipsis-text"
    >
      usbDeviceName
    </span>
  </span>
  <span
    className="iconized-label"
  >
    <img
      alt="favicon"
      src="chrome://devtools/skin/images/aboutdebugging-globe-icon.svg"
    />
    <b
      className="devtools-ellipsis-text js-target-title"
    >
      Test Tab Name
    </b>
    <span
      className="devtools-ellipsis-text"
    >
      http://some.target/url
    </span>
  </span>
</header>
`;

exports[`DebugTargetInfo component renders the expected snapshot for a Toolbox with an unnamed target 1`] = `
<header
  className="debug-target-info"
>
  <span
    className="iconized-label"
  >
    <img
      className="channel-icon"
      src="chrome://devtools/skin/images/aboutdebugging-firefox-release.svg"
    />
    <b
      className="devtools-ellipsis-text"
    >
      toolbox.debugTargetInfo.runtimeLabel.thisFirefox-1.0.0
    </b>
    <span
      className="devtools-ellipsis-text"
    />
  </span>
  <span
    className="iconized-label"
  >
    <img
      alt="favicon"
      src="chrome://devtools/skin/images/aboutdebugging-globe-icon.svg"
    />
    <span
      className="devtools-ellipsis-text"
    >
      http://some.target/without/a/name
    </span>
  </span>
</header>
`;
